// Vitest Snapshot v1, https://vitest.dev/guide/snapshot.html

exports[`family-backlog 条目数 > 七段各一数，与快照一致 1`] = `
{
  "edge": 4,
  "ladder": 13,
  "motion": 0,
  "press": 2,
  "scroll": 0,
  "selection": 0,
  "shape": 0,
  "text": 7,
}
`;

exports[`family-backlog 键集合 > edge 1`] = `
[
  "button:root:raised",
  "color-picker:area-thumb:raised",
  "color-picker:control:raised",
  "file-upload:trigger:raised",
]
`;

exports[`family-backlog 键集合 > ladder 1`] = `
[
  "color-picker:channel-input:focus",
  "color-picker:control:focus",
  "color-picker:eye-dropper-trigger:hover",
  "color-picker:eye-dropper-trigger:pressed",
  "file-upload:clear-trigger:hover",
  "file-upload:clear-trigger:pressed",
  "file-upload:dropzone:focus",
  "file-upload:item-delete-trigger:hover",
  "file-upload:item-delete-trigger:pressed",
  "file-upload:trigger:hover",
  "file-upload:trigger:pressed",
  "pagination:jumper:hover",
  "steps:indicator:hover",
]
`;

exports[`family-backlog 键集合 > motion 1`] = `[]`;

exports[`family-backlog 键集合 > press 1`] = `
[
  "*:data-pressed",
  "form:error-summary-item",
]
`;

exports[`family-backlog 键集合 > scroll 1`] = `[]`;

exports[`family-backlog 键集合 > selection 1`] = `[]`;

exports[`family-backlog 键集合 > shape 1`] = `[]`;

exports[`family-backlog 键集合 > text 1`] = `
[
  "color-picker:label:font-size",
  "file-upload:label:spacing",
  "file-upload:root:icon-size",
  "steps:title:font-size",
  "steps:title:font-weight",
  "timeline:title:font-size",
  "timeline:title:font-weight",
]
`;
