// Vitest Snapshot v1, https://vitest.dev/guide/snapshot.html

exports[`family-backlog 条目数 > 七段各一数，与快照一致 1`] = `
{
  "edge": 9,
  "ladder": 37,
  "motion": 1,
  "press": 7,
  "scroll": 12,
  "selection": 0,
  "shape": 11,
  "text": 31,
}
`;

exports[`family-backlog 键集合 > edge 1`] = `
[
  "button:root:raised",
  "clipboard:root:raised",
  "color-picker:area-thumb:raised",
  "color-picker:control:raised",
  "download-trigger:root:raised",
  "file-upload:trigger:raised",
  "popconfirm:confirm-trigger:raised",
  "signature-pad:clear-trigger:raised",
  "tooltip:content",
]
`;

exports[`family-backlog 键集合 > ladder 1`] = `
[
  "carousel:prev-trigger:hover",
  "carousel:prev-trigger:pressed",
  "clipboard:input:focus",
  "color-picker:channel-input:focus",
  "color-picker:control:focus",
  "color-picker:eye-dropper-trigger:hover",
  "color-picker:eye-dropper-trigger:pressed",
  "dialog:close-trigger:hover",
  "dialog:close-trigger:pressed",
  "drawer:close-trigger:hover",
  "drawer:close-trigger:pressed",
  "drawer:trigger:hover",
  "drawer:trigger:pressed",
  "file-upload:clear-trigger:hover",
  "file-upload:clear-trigger:pressed",
  "file-upload:dropzone:focus",
  "file-upload:item-delete-trigger:hover",
  "file-upload:item-delete-trigger:pressed",
  "file-upload:trigger:hover",
  "file-upload:trigger:pressed",
  "floating-panel:window-state-trigger:hover",
  "floating-panel:window-state-trigger:pressed",
  "image-viewer:close-trigger:hover",
  "image-viewer:close-trigger:pressed",
  "image-viewer:zoom-in-trigger:hover",
  "image-viewer:zoom-in-trigger:pressed",
  "pagination:jumper:hover",
  "popconfirm:cancel-trigger:hover",
  "popconfirm:cancel-trigger:pressed",
  "popover:close-trigger:hover",
  "popover:close-trigger:pressed",
  "signature-pad:clear-trigger:hover",
  "signature-pad:clear-trigger:pressed",
  "splitter:resize-trigger:hover",
  "steps:indicator:hover",
  "tour:close-trigger:hover",
  "tour:close-trigger:pressed",
]
`;

exports[`family-backlog 键集合 > motion 1`] = `
[
  "drawer:translate",
]
`;

exports[`family-backlog 键集合 > press 1`] = `
[
  "*:data-pressed",
  "carousel:indicator",
  "floating-panel:trigger",
  "form:error-summary-item",
  "tour:next-trigger",
  "tour:prev-trigger",
  "tour:skip-trigger",
]
`;

exports[`family-backlog 键集合 > scroll 1`] = `
[
  "color-picker:content:overscroll",
  "color-picker:content:size",
  "dialog:body:gutter",
  "dialog:body:overscroll",
  "drawer:body:gutter",
  "drawer:body:overscroll",
  "hover-card:content:overscroll",
  "hover-card:content:size",
  "popconfirm:content:overscroll",
  "popconfirm:content:unwired",
  "popover:content:overscroll",
  "popover:content:size",
]
`;

exports[`family-backlog 键集合 > selection 1`] = `[]`;

exports[`family-backlog 键集合 > shape 1`] = `
[
  "back-top:trigger",
  "carousel:autoplay-trigger",
  "carousel:next-trigger",
  "carousel:prev-trigger",
  "clipboard:copy-trigger::before",
  "download-trigger:root::before",
  "float-button:trigger",
  "image-viewer:next-trigger",
  "image-viewer:prev-trigger",
  "popconfirm:confirm-trigger::before",
  "tour:progress-dot",
]
`;

exports[`family-backlog 键集合 > text 1`] = `
[
  "back-top:root:icon-size",
  "carousel:root:icon-size",
  "color-picker:label:font-size",
  "dialog:content:icon-size",
  "dialog:description:font-size",
  "drawer:content:icon-size",
  "drawer:description:font-size",
  "drawer:root:icon-size",
  "file-upload:label:spacing",
  "file-upload:root:icon-size",
  "float-button:root:icon-size",
  "floating-panel:content:icon-size",
  "floating-panel:root:icon-size",
  "floating-panel:title:font-weight",
  "hover-card:description:font-size",
  "image-viewer:content:icon-size",
  "popconfirm:description:color",
  "popconfirm:description:font-size",
  "popover:content:icon-size",
  "popover:description:color",
  "popover:description:font-size",
  "signature-pad:label:color",
  "signature-pad:label:spacing",
  "steps:title:font-size",
  "steps:title:font-weight",
  "timeline:title:font-size",
  "timeline:title:font-weight",
  "tour:content:icon-size",
  "tour:description:font-size",
  "tour:description:line-height",
  "tour:root:icon-size",
]
`;
