// Vitest Snapshot v1, https://vitest.dev/guide/snapshot.html

exports[`family-backlog 条目数 > 七段各一数，与快照一致 1`] = `
{
  "edge": 21,
  "ladder": 61,
  "motion": 1,
  "press": 50,
  "scroll": 27,
  "selection": 18,
  "shape": 21,
  "text": 70,
}
`;

exports[`family-backlog 键集合 > edge 1`] = `
[
  "button:root:raised",
  "checkbox-group:root:raised",
  "checkbox-group:select-all-trigger:raised",
  "checkbox:root:raised",
  "clipboard:root:raised",
  "color-picker:area-thumb:raised",
  "color-picker:control:raised",
  "color-slider:thumb:raised",
  "download-trigger:root:raised",
  "file-upload:trigger:raised",
  "popconfirm:confirm-trigger:raised",
  "segmented:indicator:raised",
  "segmented:root",
  "signature-pad:clear-trigger:raised",
  "slider:thumb:raised",
  "sortable:item:raised",
  "switch:thumb:raised",
  "tabs:root:raised",
  "timer:control:raised",
  "tooltip:content",
  "transfer:to-source-trigger:raised",
]
`;

exports[`family-backlog 键集合 > ladder 1`] = `
[
  "anchor:link:hover",
  "breadcrumb:link:hover",
  "calendar-picker:cell-trigger:hover",
  "calendar-picker:cell-trigger:selected",
  "calendar-picker:prev-year-trigger:hover",
  "calendar-range-picker:cell-trigger:hover",
  "calendar-range-picker:cell-trigger:selected",
  "calendar-range-picker:prev-year-trigger:hover",
  "carousel:prev-trigger:hover",
  "carousel:prev-trigger:pressed",
  "clipboard:input:focus",
  "color-picker:channel-input:focus",
  "color-picker:control:focus",
  "color-picker:eye-dropper-trigger:hover",
  "color-picker:eye-dropper-trigger:pressed",
  "context-menu:item:pressed",
  "dialog:close-trigger:hover",
  "dialog:close-trigger:pressed",
  "drawer:close-trigger:hover",
  "drawer:close-trigger:pressed",
  "drawer:trigger:hover",
  "drawer:trigger:pressed",
  "file-upload:clear-trigger:hover",
  "file-upload:clear-trigger:pressed",
  "file-upload:dropzone:focus",
  "file-upload:item-delete-trigger:hover",
  "file-upload:item-delete-trigger:pressed",
  "file-upload:trigger:hover",
  "file-upload:trigger:pressed",
  "floating-panel:window-state-trigger:hover",
  "floating-panel:window-state-trigger:pressed",
  "image-viewer:close-trigger:hover",
  "image-viewer:close-trigger:pressed",
  "image-viewer:zoom-in-trigger:hover",
  "image-viewer:zoom-in-trigger:pressed",
  "infinite-scroll:load-more-trigger:hover",
  "infinite-scroll:load-more-trigger:pressed",
  "menu:item:pressed",
  "menubar:item:pressed",
  "pagination:jumper:hover",
  "pagination:prev-trigger:hover",
  "pagination:prev-trigger:pressed",
  "popconfirm:cancel-trigger:hover",
  "popconfirm:cancel-trigger:pressed",
  "popover:close-trigger:hover",
  "popover:close-trigger:pressed",
  "segmented:item:hover",
  "signature-pad:clear-trigger:hover",
  "signature-pad:clear-trigger:pressed",
  "sortable:item-drag-trigger:hover",
  "splitter:resize-trigger:hover",
  "steps:indicator:hover",
  "switch:root:selected",
  "tabs:trigger:hover",
  "timer:control:focus",
  "timer:control:hover",
  "timer:control:pressed",
  "tour:close-trigger:hover",
  "tour:close-trigger:pressed",
  "transfer:to-target-trigger:hover",
  "transfer:to-target-trigger:pressed",
]
`;

exports[`family-backlog 键集合 > motion 1`] = `
[
  "drawer:translate",
]
`;

exports[`family-backlog 键集合 > press 1`] = `
[
  "*:data-pressed",
  "calendar-picker:cell-trigger",
  "calendar-picker:heading-month-trigger",
  "calendar-picker:heading-year-trigger",
  "calendar-picker:next-trigger",
  "calendar-picker:next-year-trigger",
  "calendar-picker:prev-trigger",
  "calendar-picker:prev-year-trigger",
  "calendar-range-picker:cell-trigger",
  "calendar-range-picker:heading-month-trigger",
  "calendar-range-picker:heading-year-trigger",
  "calendar-range-picker:next-trigger",
  "calendar-range-picker:next-year-trigger",
  "calendar-range-picker:prev-trigger",
  "calendar-range-picker:prev-year-trigger",
  "carousel:indicator",
  "checkbox-group:item",
  "checkbox-group:select-all-trigger",
  "checkbox:root",
  "color-swatch-picker:item",
  "command:item",
  "floating-panel:trigger",
  "form:error-summary-item",
  "infinite-scroll:load-more-trigger",
  "listbox:item",
  "listbox:load-more-trigger",
  "menubar:trigger",
  "navigation-menu:trigger",
  "radio-group:item",
  "rating:item",
  "segmented:item",
  "side-nav:branch-trigger",
  "side-nav:link",
  "steps:trigger",
  "switch:root",
  "table:column-visibility-trigger",
  "table:expand-trigger",
  "table:load-more-trigger",
  "table:row-select-trigger",
  "table:select-all-trigger",
  "table:sort-trigger",
  "tabs:trigger",
  "tag-group:tag/root",
  "tour:next-trigger",
  "tour:prev-trigger",
  "tour:skip-trigger",
  "transfer:item",
  "transfer:select-all-trigger",
  "tree:branch-control",
  "tree:item",
]
`;

exports[`family-backlog 键集合 > scroll 1`] = `
[
  "calendar-picker:grid:overscroll",
  "calendar-range-picker:grid:overscroll",
  "color-picker:content:overscroll",
  "color-picker:content:size",
  "command:list:overscroll",
  "command:list:unwired",
  "context-menu:content:overscroll",
  "context-menu:content:size",
  "dialog:body:gutter",
  "dialog:body:overscroll",
  "drawer:body:gutter",
  "drawer:body:overscroll",
  "hover-card:content:overscroll",
  "hover-card:content:size",
  "listbox:content:unwired",
  "menu:content:overscroll",
  "menu:content:size",
  "menubar:content:overscroll",
  "menubar:content:unwired",
  "pagination:content:overscroll",
  "pagination:content:size",
  "popconfirm:content:overscroll",
  "popconfirm:content:unwired",
  "popover:content:overscroll",
  "popover:content:size",
  "transfer:list:unwired",
  "virtualizer:viewport:overscroll",
]
`;

exports[`family-backlog 键集合 > selection 1`] = `
[
  "anchor:link",
  "listbox:item",
  "menu:trigger",
  "menubar:trigger",
  "navigation-menu:link",
  "navigation-menu:trigger",
  "segmented:indicator",
  "side-nav:branch-trigger",
  "side-nav:link",
  "table:row",
  "tabs:indicator",
  "tabs:trigger",
  "tag-group:tag/root",
  "toggle-group:item",
  "toggle:root",
  "transfer:item",
  "tree:branch-control",
  "tree:item",
]
`;

exports[`family-backlog 键集合 > shape 1`] = `
[
  "back-top:trigger",
  "carousel:autoplay-trigger",
  "carousel:next-trigger",
  "carousel:prev-trigger",
  "checkbox-group:select-all-trigger",
  "clipboard:copy-trigger::before",
  "color-swatch-picker:indicator::before",
  "color-swatch-picker:item",
  "download-trigger:root::before",
  "float-button:trigger",
  "image-viewer:next-trigger",
  "image-viewer:prev-trigger",
  "popconfirm:confirm-trigger::before",
  "slider:tick",
  "switch:thumb::after",
  "table:row-select-trigger",
  "table:select-all-trigger",
  "tag:close-trigger",
  "tag:root",
  "tour:progress-dot",
  "transfer:select-all-trigger",
]
`;

exports[`family-backlog 键集合 > text 1`] = `
[
  "back-top:root:icon-size",
  "calendar-picker:root:icon-size",
  "calendar-range-picker:root:icon-size",
  "carousel:root:icon-size",
  "checkbox-group:label:spacing",
  "checkbox-group:root:icon-size",
  "checkbox:label:color",
  "checkbox:label:font-size",
  "color-picker:label:font-size",
  "color-slider:label:color",
  "color-slider:label:spacing",
  "color-swatch-picker:label:color",
  "color-swatch-picker:label:font-size",
  "color-swatch-picker:label:spacing",
  "command:content:icon-size",
  "context-menu:content:icon-size",
  "context-menu:root:icon-size",
  "descriptions:label:spacing",
  "dialog:content:icon-size",
  "dialog:description:font-size",
  "drawer:content:icon-size",
  "drawer:description:font-size",
  "drawer:root:icon-size",
  "file-upload:label:spacing",
  "file-upload:root:icon-size",
  "float-button:root:icon-size",
  "floating-panel:content:icon-size",
  "floating-panel:root:icon-size",
  "floating-panel:title:font-weight",
  "hover-card:description:font-size",
  "image-viewer:content:icon-size",
  "listbox:root:icon-size",
  "menu:content:icon-size",
  "menubar:content:icon-size",
  "menubar:root:icon-size",
  "navigation-menu:root:icon-size",
  "pagination:root:icon-size",
  "popconfirm:description:color",
  "popconfirm:description:font-size",
  "popover:content:icon-size",
  "popover:description:color",
  "popover:description:font-size",
  "radio-group:label:font-size",
  "radio-group:label:spacing",
  "rating:label:color",
  "rating:label:font-size",
  "rating:label:spacing",
  "rating:root:icon-size",
  "side-nav:root:icon-size",
  "signature-pad:label:color",
  "signature-pad:label:spacing",
  "slider:label:color",
  "slider:label:spacing",
  "steps:description:color",
  "steps:description:font-size",
  "steps:description:line-height",
  "steps:root:icon-size",
  "steps:title:font-size",
  "steps:title:font-weight",
  "switch:label:color",
  "table:root:icon-size",
  "timeline:description:font-size",
  "timeline:title:font-size",
  "timeline:title:font-weight",
  "tour:content:icon-size",
  "tour:description:font-size",
  "tour:description:line-height",
  "tour:root:icon-size",
  "transfer:root:icon-size",
  "tree:root:icon-size",
]
`;
